../Core/Src/BME280.c:14:28:BME280_ReadRegisterData	32	static
../Core/Src/BME280.c:24:29:BME280_WriteRegisterData	32	static
../Core/Src/BME280.c:34:28:BME280_ReadRegister16Data	48	static
../Core/Src/BME280.c:51:13:BME280_ReadCalibrationData	8	static
../Core/Src/BME280.c:95:21:BME280_Init	32	static
../Core/Src/BME280.c:151:16:BME280_Compensate_T_int32	32	static
../Core/Src/BME280.c:163:17:BME280_Compensate_P_int32	32	static
../Core/Src/BME280.c:194:17:BME280_Compensate_H_int32	24	static
../Core/Src/BME280.c:214:13:BME280_ReadRegister	56	static
../Core/Src/BME280.c:233:6:BME280_ReadSensorData	40	static
