C:\ST\STM32CubeIDE_1.18.1\STM32CubeIDE\plugins\com.st.stm32cube.ide.mcu.externaltools.gnu-tools-for-stm32.13.3.rel1.win32_1.0.0.202411081344\tools\arm-none-eabi\include\c++\13.3.1\arm-none-eabi\thumb\v7e-m+fp\hard\bits\gthr-default.h:229:1:int __gthread_key_delete(__gthread_key_t)	16	static
../Middlewares/Third_Party/EdgeImpulse_ssenanb-project-1_MachineLearning/edgeimpulse/tflite-model/tflite_learn_929570_4_compiled.cpp:298:13:void {anonymous}::init_tflite_tensor(size_t, TfLiteTensor*)	24	static
../Middlewares/Third_Party/EdgeImpulse_ssenanb-project-1_MachineLearning/edgeimpulse/tflite-model/tflite_learn_929570_4_compiled.cpp:331:13:void {anonymous}::init_tflite_eval_tensor(int, TfLiteEvalTensor*)	24	static
../Middlewares/Third_Party/EdgeImpulse_ssenanb-project-1_MachineLearning/edgeimpulse/tflite-model/tflite_learn_929570_4_compiled.cpp:354:15:void* {anonymous}::AllocatePersistentBufferImpl(TfLiteContext*, size_t)	24	static
../Middlewares/Third_Party/EdgeImpulse_ssenanb-project-1_MachineLearning/edgeimpulse/tflite-model/tflite_learn_929570_4_compiled.cpp:397:21:TfLiteStatus {anonymous}::RequestScratchBufferInArenaImpl(TfLiteContext*, size_t, int*)	32	static
../Middlewares/Third_Party/EdgeImpulse_ssenanb-project-1_MachineLearning/edgeimpulse/tflite-model/tflite_learn_929570_4_compiled.cpp:423:14:void* {anonymous}::GetScratchBufferImpl(TfLiteContext*, int)	16	static
../Middlewares/Third_Party/EdgeImpulse_ssenanb-project-1_MachineLearning/edgeimpulse/tflite-model/tflite_learn_929570_4_compiled.cpp:432:13:void {anonymous}::ResetTensors()	16	static
../Middlewares/Third_Party/EdgeImpulse_ssenanb-project-1_MachineLearning/edgeimpulse/tflite-model/tflite_learn_929570_4_compiled.cpp:441:22:TfLiteTensor* {anonymous}::GetTensorImpl(const TfLiteContext*, int)	24	static
../Middlewares/Third_Party/EdgeImpulse_ssenanb-project-1_MachineLearning/edgeimpulse/tflite-model/tflite_learn_929570_4_compiled.cpp:464:26:TfLiteEvalTensor* {anonymous}::GetEvalTensorImpl(const TfLiteContext*, int)	24	static
../Middlewares/Third_Party/EdgeImpulse_ssenanb-project-1_MachineLearning/edgeimpulse/tflite-model/tflite_learn_929570_4_compiled.cpp:490:3:{anonymous}::EonMicroContext::EonMicroContext()	16	static
../Middlewares/Third_Party/EdgeImpulse_ssenanb-project-1_MachineLearning/edgeimpulse/tflite-model/tflite_learn_929570_4_compiled.cpp:492:9:virtual void* {anonymous}::EonMicroContext::AllocatePersistentBuffer(size_t)	16	static
../Middlewares/Third_Party/EdgeImpulse_ssenanb-project-1_MachineLearning/edgeimpulse/tflite-model/tflite_learn_929570_4_compiled.cpp:496:16:virtual TfLiteStatus {anonymous}::EonMicroContext::RequestScratchBufferInArena(size_t, int*)	24	static
../Middlewares/Third_Party/EdgeImpulse_ssenanb-project-1_MachineLearning/edgeimpulse/tflite-model/tflite_learn_929570_4_compiled.cpp:501:9:virtual void* {anonymous}::EonMicroContext::GetScratchBuffer(int)	16	static
../Middlewares/Third_Party/EdgeImpulse_ssenanb-project-1_MachineLearning/edgeimpulse/tflite-model/tflite_learn_929570_4_compiled.cpp:505:17:virtual TfLiteTensor* {anonymous}::EonMicroContext::AllocateTempTfLiteTensor(int)	16	static
../Middlewares/Third_Party/EdgeImpulse_ssenanb-project-1_MachineLearning/edgeimpulse/tflite-model/tflite_learn_929570_4_compiled.cpp:509:8:virtual void {anonymous}::EonMicroContext::DeallocateTempTfLiteTensor(TfLiteTensor*)	16	static
../Middlewares/Third_Party/EdgeImpulse_ssenanb-project-1_MachineLearning/edgeimpulse/tflite-model/tflite_learn_929570_4_compiled.cpp:517:21:virtual TfLiteEvalTensor* {anonymous}::EonMicroContext::GetEvalTensor(int)	16	static
../Middlewares/Third_Party/EdgeImpulse_ssenanb-project-1_MachineLearning/edgeimpulse/tflite-model/tflite_learn_929570_4_compiled.cpp:487:7:{anonymous}::EonMicroContext::~EonMicroContext()	16	static
../Middlewares/Third_Party/EdgeImpulse_ssenanb-project-1_MachineLearning/edgeimpulse/tflite-model/tflite_learn_929570_4_compiled.cpp:487:7:virtual {anonymous}::EonMicroContext::~EonMicroContext()	16	static
../Middlewares/Third_Party/EdgeImpulse_ssenanb-project-1_MachineLearning/edgeimpulse/tflite-model/tflite_learn_929570_4_compiled.cpp:526:14:TfLiteStatus tflite_learn_929570_4_init(void* (*)(size_t, size_t))	184	static
../Middlewares/Third_Party/EdgeImpulse_ssenanb-project-1_MachineLearning/edgeimpulse/tflite-model/tflite_learn_929570_4_compiled.cpp:598:14:TfLiteStatus tflite_learn_929570_4_input(int, TfLiteTensor*)	16	static
../Middlewares/Third_Party/EdgeImpulse_ssenanb-project-1_MachineLearning/edgeimpulse/tflite-model/tflite_learn_929570_4_compiled.cpp:603:14:TfLiteStatus tflite_learn_929570_4_output(int, TfLiteTensor*)	16	static
../Middlewares/Third_Party/EdgeImpulse_ssenanb-project-1_MachineLearning/edgeimpulse/tflite-model/tflite_learn_929570_4_compiled.cpp:608:14:TfLiteStatus tflite_learn_929570_4_invoke()	24	static
../Middlewares/Third_Party/EdgeImpulse_ssenanb-project-1_MachineLearning/edgeimpulse/tflite-model/tflite_learn_929570_4_compiled.cpp:680:14:TfLiteStatus tflite_learn_929570_4_reset(void (*)(void*))	24	static
../Middlewares/Third_Party/EdgeImpulse_ssenanb-project-1_MachineLearning/edgeimpulse/tflite-model/tflite_learn_929570_4_compiled.cpp:694:1:void __static_initialization_and_destruction_0()	4	static
../Middlewares/Third_Party/EdgeImpulse_ssenanb-project-1_MachineLearning/edgeimpulse/tflite-model/tflite_learn_929570_4_compiled.cpp:694:1:cpp)	8	static
